Initialized native services in: C:\Users\Admin\.gradle\native
Initialized jansi services in: C:\Users\Admin\.gradle\native
Found daemon DaemonInfo{pid=11608, address=[a8b9d7ec-e92c-4fd8-b613-ce6b33e2f294 port:51376, addresses:[/127.0.0.1]], state=Idle, lastBusy=1773371129305, context=DefaultDaemonContext[uid=10d61782-6104-4b0e-867b-2c3ff5481eec,javaHome=C:\Program Files\Java\jdk-17,javaVersion=17,javaVendor=Oracle Corporation,daemonRegistryDir=C:\Users\Admin\.gradle\daemon,pid=11608,idleTimeout=10800000,priority=NORMAL,applyInstrumentationAgent=true,nativeServicesMode=ENABLED,daemonOpts=-XX:MaxMetaspaceSize=384m,-XX:+HeapDumpOnOutOfMemoryError,-Xms256m,-Xmx512m,-Dfile.encoding=UTF-8,-Duser.country=US,-Duser.language=en,-Duser.variant]} however its context does not match the desired criteria.
At least one daemon option is different.
Wanted: DaemonRequestContext{jvmCriteria=C:\Program Files\Java\jdk-17 (no Daemon JVM specified, using current Java home), daemonOpts=[-XX:MaxMetaspaceSize=384m, -XX:+HeapDumpOnOutOfMemoryError, -Xms256m, -Xmx512m, -Dfile.encoding=windows-1252, -Duser.country=US, -Duser.language=en, -Duser.variant], applyInstrumentationAgent=true, nativeServicesMode=ENABLED, priority=NORMAL}
Actual: DefaultDaemonContext[uid=10d61782-6104-4b0e-867b-2c3ff5481eec,javaHome=C:\Program Files\Java\jdk-17,javaVersion=17,javaVendor=Oracle Corporation,daemonRegistryDir=C:\Users\Admin\.gradle\daemon,pid=11608,idleTimeout=10800000,priority=NORMAL,applyInstrumentationAgent=true,nativeServicesMode=ENABLED,daemonOpts=-XX:MaxMetaspaceSize=384m,-XX:+HeapDumpOnOutOfMemoryError,-Xms256m,-Xmx512m,-Dfile.encoding=UTF-8,-Duser.country=US,-Duser.language=en,-Duser.variant]

  Looking for a different daemon...
The client will now receive all logging from the daemon (pid: 800). The daemon log file: C:\Users\Admin\.gradle\daemon\9.3.0\daemon-800.out.log
Starting 25th build in daemon [uptime: 52 mins 2.674 secs, performance: 100%, GC rate: 0.00/s, heap usage: 0% of 512 MiB, non-heap usage: 19% of 384 MiB]
Using 20 worker leases.
Operational build model parameters: {requiresToolingModels=false, parallelProjectExecution=false, configureOnDemand=false, configurationCache=false, configurationCacheParallelStore=false, configurationCacheParallelLoad=true, isolatedProjects=false, parallelProjectConfiguration=false, intermediateModelCache=false, parallelToolingApiActions=false, invalidateCoupledProjects=false, modelAsProjectDependency=false, resilientModelBuilding=false}
Now considering [D:\Code\e-commerce] as hierarchies to watch
Watching the file system is configured to be enabled if available
File system watching is active
Starting Build
Settings evaluated using settings file 'D:\Code\e-commerce\settings.gradle'.
Projects loaded. Root project using build file 'D:\Code\e-commerce\build.gradle'.
Included projects: [root project 'BasicLogin']

> Configure project :
Evaluating root project 'BasicLogin' using build file 'D:\Code\e-commerce\build.gradle'.
Resolved plugin [id: 'java']
Resolved plugin [id: 'org.springframework.boot', version: '4.0.2']
Resolved plugin [id: 'io.spring.dependency-management', version: '1.1.7']
Applying dependency management to configuration 'annotationProcessor' in project 'BasicLogin'
Applying dependency management to configuration 'apiElements' in project 'BasicLogin'
Applying dependency management to configuration 'archives' in project 'BasicLogin'
Applying dependency management to configuration 'bootArchives' in project 'BasicLogin'
Applying dependency management to configuration 'compileClasspath' in project 'BasicLogin'
Applying dependency management to configuration 'compileOnly' in project 'BasicLogin'
Applying dependency management to configuration 'default' in project 'BasicLogin'
Applying dependency management to configuration 'developmentOnly' in project 'BasicLogin'
Applying dependency management to configuration 'implementation' in project 'BasicLogin'
Applying dependency management to configuration 'mainSourceElements' in project 'BasicLogin'
Applying dependency management to configuration 'productionRuntimeClasspath' in project 'BasicLogin'
Applying dependency management to configuration 'runtimeClasspath' in project 'BasicLogin'
Applying dependency management to configuration 'runtimeElements' in project 'BasicLogin'
Applying dependency management to configuration 'runtimeOnly' in project 'BasicLogin'
Applying dependency management to configuration 'testAndDevelopmentOnly' in project 'BasicLogin'
Applying dependency management to configuration 'testAnnotationProcessor' in project 'BasicLogin'
Applying dependency management to configuration 'testCompileClasspath' in project 'BasicLogin'
Applying dependency management to configuration 'testCompileOnly' in project 'BasicLogin'
Applying dependency management to configuration 'testImplementation' in project 'BasicLogin'
Applying dependency management to configuration 'testResultsElementsForTest' in project 'BasicLogin'
Applying dependency management to configuration 'testRuntimeClasspath' in project 'BasicLogin'
Applying dependency management to configuration 'testRuntimeOnly' in project 'BasicLogin'
All projects evaluated.
Task name matched 'compileJava'
Selected primary task 'compileJava' from project :
Resolving global dependency management for project 'BasicLogin'
Excluding []
Excluding []
Tasks to be executed: [task ':compileJava']
Tasks that were excluded: []
Resolve mutations for :compileJava (Thread[Execution worker Thread 2,5,main]) started.
:compileJava (Thread[Execution worker Thread 12,5,main]) started.
This JVM does not support getting OS memory, so no OS memory status updates will be broadcast

> Task :compileJava
Custom actions are attached to task ':compileJava'.
Caching disabled for task ':compileJava' because:
  Build cache is disabled
Task ':compileJava' is not up-to-date because:
  Input property 'stableSources' file D:\Code\e-commerce\src\main\java\org\example\basiclogin\controller\ProductController.java has changed.
  Input property 'stableSources' file D:\Code\e-commerce\src\main\java\org\example\basiclogin\repository\ProductRepository.java has changed.
  Input property 'stableSources' file D:\Code\e-commerce\src\main\java\org\example\basiclogin\service\ProductService.java has changed.
  and more...
Compilation mode: default, forking compiler
Created classpath snapshot for incremental compilation in 0.011 secs.
Compiling with toolchain 'C:\Users\Admin\.jdks\corretto-21.0.6'.
Starting process 'Gradle Worker Daemon 21'. Working directory: C:\Users\Admin\.gradle\workers Command: C:\Users\Admin\.jdks\corretto-21.0.6\bin\java.exe --add-exports=jdk.compiler/com.sun.tools.javac.api=ALL-UNNAMED --add-exports=jdk.compiler/com.sun.tools.javac.util=ALL-UNNAMED @C:\Users\Admin\.gradle\.tmp\gradle-worker-classpath7110578782895368593txt -Xmx512m -Dfile.encoding=windows-1252 -Duser.country=US -Duser.language=en -Duser.variant worker.org.gradle.process.internal.worker.GradleWorkerMain 'Gradle Worker Daemon 21'
Successfully started process 'Gradle Worker Daemon 21'
Started Gradle worker daemon (0.381 secs) with fork options DaemonForkOptions{executable=C:\Users\Admin\.jdks\corretto-21.0.6\bin\java.exe, minHeapSize=null, maxHeapSize=null, jvmArgs=[--add-exports=jdk.compiler/com.sun.tools.javac.api=ALL-UNNAMED, --add-exports=jdk.compiler/com.sun.tools.javac.util=ALL-UNNAMED], keepAliveMode=DAEMON}.
Compiling with JDK Java compiler API.
D:\Code\e-commerce\src\main\java\org\example\basiclogin\controller\ProductController.java:52: error: method getAll in interface ProductService cannot be applied to given types;
                productService.getAll(categoryValue, newArrivals, sortPriceDir, sortCreatedAtDir, trending, name));
                              ^
  required: String,Boolean,String,String,Long,Boolean,String
  found:    String,Boolean,String,String,Boolean,String
  reason: actual and formal argument lists differ in length
1 error
Incremental compilation of 9 classes completed in 2.451 secs.

> Task :compileJava FAILED

[Incubating] Problems report is available at: file:///D:/Code/e-commerce/build/reports/problems/problems-report.html

FAILURE: Build failed with an exception.

* What went wrong:
Execution failed for task ':compileJava'.
> Compilation failed; see the compiler output below.
  D:\Code\e-commerce\src\main\java\org\example\basiclogin\controller\ProductController.java:52: error: method getAll in interface ProductService cannot be applied to given types;
                  productService.getAll(categoryValue, newArrivals, sortPriceDir, sortCreatedAtDir, trending, name));
                                ^
    required: String,Boolean,String,String,Long,Boolean,String
    found:    String,Boolean,String,String,Boolean,String
    reason: actual and formal argument lists differ in length
  1 error

* Try:
> Check your code and dependencies to fix the compilation error(s)
> Run with --scan to get full insights from a Build Scan (powered by Develocity).

* Exception is:
org.gradle.api.tasks.TaskExecutionException: Execution failed for task ':compileJava'.
	at org.gradle.api.internal.tasks.execution.ExecuteActionsTaskExecuter.lambda$executeIfValid$1(ExecuteActionsTaskExecuter.java:135)
	at org.gradle.internal.Try$Failure.ifSuccessfulOrElse(Try.java:288)
	at org.gradle.api.internal.tasks.execution.ExecuteActionsTaskExecuter.executeIfValid(ExecuteActionsTaskExecuter.java:133)
	at org.gradle.api.internal.tasks.execution.ExecuteActionsTaskExecuter.execute(ExecuteActionsTaskExecuter.java:121)
	at org.gradle.api.internal.tasks.execution.ProblemsTaskPathTrackingTaskExecuter.execute(ProblemsTaskPathTrackingTaskExecuter.java:41)
	at org.gradle.api.internal.tasks.execution.FinalizePropertiesTaskExecuter.execute(FinalizePropertiesTaskExecuter.java:46)
	at org.gradle.api.internal.tasks.execution.ResolveTaskExecutionModeExecuter.execute(ResolveTaskExecutionModeExecuter.java:51)
	at org.gradle.api.internal.tasks.execution.SkipTaskWithNoActionsExecuter.execute(SkipTaskWithNoActionsExecuter.java:57)
	at org.gradle.api.internal.tasks.execution.SkipOnlyIfTaskExecuter.execute(SkipOnlyIfTaskExecuter.java:74)
	at org.gradle.api.internal.tasks.execution.CatchExceptionTaskExecuter.execute(CatchExceptionTaskExecuter.java:36)
	at org.gradle.api.internal.tasks.execution.EventFiringTaskExecuter$1.executeTask(EventFiringTaskExecuter.java:77)
	at org.gradle.api.internal.tasks.execution.EventFiringTaskExecuter$1.call(EventFiringTaskExecuter.java:55)
	at org.gradle.api.internal.tasks.execution.EventFiringTaskExecuter$1.call(EventFiringTaskExecuter.java:52)
	at org.gradle.internal.operations.DefaultBuildOperationRunner$CallableBuildOperationWorker.execute(DefaultBuildOperationRunner.java:209)
	at org.gradle.internal.operations.DefaultBuildOperationRunner$CallableBuildOperationWorker.execute(DefaultBuildOperationRunner.java:204)
	at org.gradle.internal.operations.DefaultBuildOperationRunner$2.execute(DefaultBuildOperationRunner.java:66)
	at org.gradle.internal.operations.DefaultBuildOperationRunner$2.execute(DefaultBuildOperationRunner.java:59)
	at org.gradle.internal.operations.DefaultBuildOperationRunner.execute(DefaultBuildOperationRunner.java:166)
	at org.gradle.internal.operations.DefaultBuildOperationRunner.execute(DefaultBuildOperationRunner.java:59)
	at org.gradle.internal.operations.DefaultBuildOperationRunner.call(DefaultBuildOperationRunner.java:53)
	at org.gradle.api.internal.tasks.execution.EventFiringTaskExecuter.execute(EventFiringTaskExecuter.java:52)
	at org.gradle.execution.plan.DefaultNodeExecutor.executeLocalTaskNode(DefaultNodeExecutor.java:55)
	at org.gradle.execution.plan.DefaultNodeExecutor.execute(DefaultNodeExecutor.java:34)
	at org.gradle.execution.taskgraph.DefaultTaskExecutionGraph$InvokeNodeExecutorsAction.execute(DefaultTaskExecutionGraph.java:355)
	at org.gradle.execution.taskgraph.DefaultTaskExecutionGraph$InvokeNodeExecutorsAction.execute(DefaultTaskExecutionGraph.java:343)
	at org.gradle.execution.taskgraph.DefaultTaskExecutionGraph$BuildOperationAwareExecutionAction.lambda$execute$0(DefaultTaskExecutionGraph.java:339)
	at org.gradle.internal.operations.CurrentBuildOperationRef.with(CurrentBuildOperationRef.java:84)
	at org.gradle.execution.taskgraph.DefaultTaskExecutionGraph$BuildOperationAwareExecutionAction.execute(DefaultTaskExecutionGraph.java:339)
	at org.gradle.execution.taskgraph.DefaultTaskExecutionGraph$BuildOperationAwareExecutionAction.execute(DefaultTaskExecutionGraph.java:328)
	at org.gradle.execution.plan.DefaultPlanExecutor$ExecutorWorker.execute(DefaultPlanExecutor.java:459)
	at org.gradle.execution.plan.DefaultPlanExecutor$ExecutorWorker.run(DefaultPlanExecutor.java:376)
	at org.gradle.internal.concurrent.ExecutorPolicy$CatchAndRecordFailures.onExecute(ExecutorPolicy.java:64)
	at org.gradle.internal.concurrent.AbstractManagedExecutor$1.run(AbstractManagedExecutor.java:47)
Caused by: org.gradle.api.internal.tasks.compile.CompilationFailedException: Compilation failed; see the compiler output below.
D:\Code\e-commerce\src\main\java\org\example\basiclogin\controller\ProductController.java:52: error: method getAll in interface ProductService cannot be applied to given types;
                productService.getAll(categoryValue, newArrivals, sortPriceDir, sortCreatedAtDir, trending, name));
                              ^
  required: String,Boolean,String,String,Long,Boolean,String
  found:    String,Boolean,String,String,Boolean,String
  reason: actual and formal argument lists differ in length
1 error
	at org.gradle.api.internal.tasks.compile.JdkJavaCompiler.execute(JdkJavaCompiler.java:89)
	at org.gradle.api.internal.tasks.compile.JdkJavaCompiler.execute(JdkJavaCompiler.java:50)
	at org.gradle.api.internal.tasks.compile.daemon.AbstractIsolatedCompilerWorkerExecutor$CompilerWorkAction.execute(AbstractIsolatedCompilerWorkerExecutor.java:79)
	at org.gradle.workers.internal.DefaultWorkerServer.execute(DefaultWorkerServer.java:68)
	at org.gradle.workers.internal.AbstractClassLoaderWorker$1.create(AbstractClassLoaderWorker.java:54)
	at org.gradle.workers.internal.AbstractClassLoaderWorker$1.create(AbstractClassLoaderWorker.java:48)
	at org.gradle.internal.classloader.ClassLoaderUtils.executeInClassloader(ClassLoaderUtils.java:102)
	at org.gradle.workers.internal.AbstractClassLoaderWorker.executeInClassLoader(AbstractClassLoaderWorker.java:48)
	at org.gradle.workers.internal.FlatClassLoaderWorker.run(FlatClassLoaderWorker.java:32)
	at org.gradle.workers.internal.FlatClassLoaderWorker.run(FlatClassLoaderWorker.java:22)
	at org.gradle.workers.internal.WorkerDaemonServer.run(WorkerDaemonServer.java:109)
	at org.gradle.workers.internal.WorkerDaemonServer.run(WorkerDaemonServer.java:78)
	at org.gradle.process.internal.worker.request.WorkerAction.lambda$run$1(WorkerAction.java:150)
	at org.gradle.process.internal.worker.child.WorkerLogEventListener.withWorkerLoggingProtocol(WorkerLogEventListener.java:41)
	at org.gradle.process.internal.worker.request.WorkerAction.lambda$run$2(WorkerAction.java:150)
	at org.gradle.internal.operations.CurrentBuildOperationRef.with(CurrentBuildOperationRef.java:84)
	at org.gradle.process.internal.worker.request.WorkerAction.run(WorkerAction.java:142)
	at org.gradle.internal.dispatch.MethodInvocation.invokeOn(MethodInvocation.java:77)
	at org.gradle.internal.dispatch.ReflectionDispatch.dispatch(ReflectionDispatch.java:28)
	at org.gradle.internal.dispatch.ReflectionDispatch.dispatch(ReflectionDispatch.java:19)
	at org.gradle.internal.remote.internal.hub.MessageHubBackedObjectConnection$DispatchWrapper.dispatch(MessageHubBackedObjectConnection.java:182)
	at org.gradle.internal.remote.internal.hub.MessageHubBackedObjectConnection$DispatchWrapper.dispatch(MessageHubBackedObjectConnection.java:164)
	at org.gradle.internal.remote.internal.hub.MessageHub$Handler.run(MessageHub.java:414)
	at org.gradle.internal.concurrent.ExecutorPolicy$CatchAndRecordFailures.onExecute(ExecutorPolicy.java:64)
	at org.gradle.internal.concurrent.AbstractManagedExecutor$1.run(AbstractManagedExecutor.java:47)


BUILD FAILED in 4s
1 actionable task: 1 executed
Watched directory hierarchies: [D:\Code\e-commerce]
